image 1/1 C:\haris\Project 2.0\contract_clause\output_images\89e2d0f2-2720-4ae4-bce3-8c5c7b0458a5\01.png: 640x480 1 signature, 41.2ms
Speed: 3.8ms preprocess, 41.2ms inference, 5.2ms postprocess per image at shape (1, 3, 640, 480)
2025-05-06 10:55:36,432 - ERROR - Error processing image contract_clause/output_images\89e2d0f2-2720-4ae4-bce3-8c5c7b0458a5\01.png: 'NoneType' object is not iterable
2025-05-06 10:55:36,432 - ERROR - Error processing image contract_clause/output_images\89e2d0f2-2720-4ae4-bce3-8c5c7b0458a5\01.png: 'NoneType' object is not iterable
extracted_signatures:  []


May 05 10:08:00 linux1 uvicorn[3030515]: image 1/1 /opt/application/CV/IoT/contract_clause/output_images/6beca092-2f59-4b98-87dc-82f4d2d621b9/14.png: 640x480 2 signatures, 98.8ms
May 05 10:08:00 linux1 uvicorn[3030515]: Speed: 2.8ms preprocess, 98.8ms inference, 0.8ms postprocess per image at shape (1, 3, 640, 480)
May 05 10:08:01 linux1 uvicorn[3030515]: 2025-05-05 10:08:01,035 - ERROR - Error processing image contract_clause/output_images/6beca092-2f59-4b98-87dc-82f4d2d621b9/14.png: 'NoneType' object is not iterable
May 05 10:08:01 linux1 uvicorn[3030515]: 2025-05-05 10:08:01,035 - ERROR - Error processing image contract_clause/output_images/6beca092-2f59-4b98-87dc-82f4d2d621b9/14.png: 'NoneType' object is not iterable
May 05 10:08:01 linux1 uvicorn[3030515]: extracted_signatures:  []




May 05 10:09:20 linux1 uvicorn[3030515]: image 1/1 /opt/application/CV/IoT/contract_clause/output_images/6beca092-2f59-4b98-87dc-82f4d2d621b9/20.png: 640x448 1 signature, 91.0ms
May 05 10:09:20 linux1 uvicorn[3030515]: Speed: 2.7ms preprocess, 91.0ms inference, 0.7ms postprocess per image at shape (1, 3, 640, 448)
May 05 10:09:21 linux1 uvicorn[3030515]: 2025-05-05 10:09:21,252 - INFO - Saved signature image: contract_clause/results/6beca092-2f59-4b98-87dc-82f4d2d621b9/signatures/20/01.png
May 05 10:09:21 linux1 uvicorn[3030515]: 2025-05-05 10:09:21,252 - INFO - Saved signature image: contract_clause/results/6beca092-2f59-4b98-87dc-82f4d2d621b9/signatures/20/01.png
May 05 10:09:21 linux1 uvicorn[3030515]: 2025-05-05 10:09:21,335 - ERROR - HTTP error for image contract_clause/output_images/6beca092-2f59-4b98-87dc-82f4d2d621b9/20.png: 429 Client Error: Too Many Requests for url: https://agelix-ai.openai.azure.com/openai/deployments/Agelix-OpenAi/chat/completions?api-version=2024-02-15-preview
May 05 10:09:21 linux1 uvicorn[3030515]: 2025-05-05 10:09:21,335 - ERROR - HTTP error for image contract_clause/output_images/6beca092-2f59-4b98-87dc-82f4d2d621b9/20.png: 429 Client Error: Too Many Requests for url: https://agelix-ai.openai.azure.com/openai/deployments/Agelix-OpenAi/chat/completions?api-version=2024-02-15-preview
May 05 10:09:22 linux1 uvicorn[3030515]: 2025-05-05 10:09:22,416 - ERROR - HTTP error for image contract_clause/output_images/6beca092-2f59-4b98-87dc-82f4d2d621b9/20.png: 429 Client Error: Too Many Requests for url: https://agelix-ai.openai.azure.com/openai/deployments/Agelix-OpenAi/chat/completions?api-version=2024-02-15-preview
May 05 10:09:22 linux1 uvicorn[3030515]: 2025-05-05 10:09:22,416 - ERROR - HTTP error for image contract_clause/output_images/6beca092-2f59-4b98-87dc-82f4d2d621b9/20.png: 429 Client Error: Too Many Requests for url: https://agelix-ai.openai.azure.com/openai/deployments/Agelix-OpenAi/chat/completions?api-version=2024-02-15-preview




May 05 10:10:23 linux1 uvicorn[3030515]: 2025-05-05 10:10:23,564 - INFO - Saved signature image: contract_clause/results/6beca092-2f59-4b98-87dc-82f4d2d621b9/signatures/24/01.png
May 05 10:10:23 linux1 uvicorn[3030515]: 2025-05-05 10:10:23,662 - ERROR - HTTP error for image contract_clause/output_images/6beca092-2f59-4b98-87dc-82f4d2d621b9/24.png: 429 Client Error: Too Many Requests for url: https://agelix-ai.openai.azure.com/openai/deployments/Agelix-OpenAi/chat/completions?api-version=2024-02-15-preview
May 05 10:10:23 linux1 uvicorn[3030515]: 2025-05-05 10:10:23,662 - ERROR - HTTP error for image contract_clause/output_images/6beca092-2f59-4b98-87dc-82f4d2d621b9/24.png: 429 Client Error: Too Many Requests for url: https://agelix-ai.openai.azure.com/openai/deployments/Agelix-OpenAi/chat/completions?api-version=2024-02-15-preview
May 05 10:10:27 linux1 uvicorn[3030515]: extracted_signatures:  [{'name': [], 'page_number': '24', 'signature_bbox': (1390, 2769, 1959, 3153), 'signature_filename': '01.png', 'cropped_signature_url': 'contract_clause/results/6beca092-2f59-4b98-87dc-82f4d2d621b9/signatures/24/01.png'}]
May 05 10:10:27 linux1 uvicorn[3030515]: openai_signatures_data:  [{'signatories': [{'name': '', 'handwritten_signature_present': True, 'role': 'Service Provider'}]}]



May 05 10:10:33 linux1 uvicorn[3030515]: 2025-05-05 10:10:33,685 - INFO - Saved signature image: contract_clause/results/6beca092-2f59-4b98-87dc-82f4d2d621b9/signatures/25/01.png
May 05 10:10:33 linux1 uvicorn[3030515]: 2025-05-05 10:10:33,775 - ERROR - HTTP error for image contract_clause/output_images/6beca092-2f59-4b98-87dc-82f4d2d621b9/25.png: 429 Client Error: Too Many Requests for url: https://agelix-ai.openai.azure.com/openai/deployments/Agelix-OpenAi/chat/completions?api-version=2024-02-15-preview
May 05 10:10:33 linux1 uvicorn[3030515]: 2025-05-05 10:10:33,775 - ERROR - HTTP error for image contract_clause/output_images/6beca092-2f59-4b98-87dc-82f4d2d621b9/25.png: 429 Client Error: Too Many Requests for url: https://agelix-ai.openai.azure.com/openai/deployments/Agelix-OpenAi/chat/completions?api-version=2024-02-15-preview
May 05 10:10:34 linux1 uvicorn[3030515]: 2025-05-05 10:10:34,878 - ERROR - HTTP error for image contract_clause/output_images/6beca092-2f59-4b98-87dc-82f4d2d621b9/25.png: 429 Client Error: Too Many Requests for url: https://agelix-ai.openai.azure.com/openai/deployments/Agelix-OpenAi/chat/completions?api-version=2024-02-15-preview
May 05 10:10:34 linux1 uvicorn[3030515]: 2025-05-05 10:10:34,878 - ERROR - HTTP error for image contract_clause/output_images/6beca092-2f59-4b98-87dc-82f4d2d621b9/25.png: 429 Client Error: Too Many Requests for url: https://agelix-ai.openai.azure.com/openai/deployments/Agelix-OpenAi/chat/completions?api-version=2024-02-15-preview
May 05 10:10:36 linux1 uvicorn[3030515]: 2025-05-05 10:10:36,978 - ERROR - HTTP error for image contract_clause/output_images/6beca092-2f59-4b98-87dc-82f4d2d621b9/25.png: 429 Client Error: Too Many Requests for url: https://agelix-ai.openai.azure.com/openai/deployments/Agelix-OpenAi/chat/completions?api-version=2024-02-15-preview
May 05 10:10:36 linux1 uvicorn[3030515]: 2025-05-05 10:10:36,978 - ERROR - HTTP error for image contract_clause/output_images/6beca092-2f59-4b98-87dc-82f4d2d621b9/25.png: 429 Client Error: Too Many Requests for url: https://agelix-ai.openai.azure.com/openai/deployments/Agelix-OpenAi/chat/completions?api-version=2024-02-15-preview



May 05 10:10:46 linux1 uvicorn[3030515]: 2025-05-05 10:10:46,534 - INFO - Saved signature image: contract_clause/results/6beca092-2f59-4b98-87dc-82f4d2d621b9/signatures/26/01.png
May 05 10:10:46 linux1 uvicorn[3030515]: 2025-05-05 10:10:46,598 - ERROR - HTTP error for image contract_clause/output_images/6beca092-2f59-4b98-87dc-82f4d2d621b9/26.png: 429 Client Error: Too Many Requests for url: https://agelix-ai.openai.azure.com/openai/deployments/Agelix-OpenAi/chat/completions?api-version=2024-02-15-preview
May 05 10:10:46 linux1 uvicorn[3030515]: 2025-05-05 10:10:46,598 - ERROR - HTTP error for image contract_clause/output_images/6beca092-2f59-4b98-87dc-82f4d2d621b9/26.png: 429 Client Error: Too Many Requests for url: https://agelix-ai.openai.azure.com/openai/deployments/Agelix-OpenAi/chat/completions?api-version=2024-02-15-preview
May 05 10:10:47 linux1 uvicorn[3030515]: 2025-05-05 10:10:47,648 - ERROR - HTTP error for image contract_clause/output_images/6beca092-2f59-4b98-87dc-82f4d2d621b9/26.png: 429 Client Error: Too Many Requests for url: https://agelix-ai.openai.azure.com/openai/deployments/Agelix-OpenAi/chat/completions?api-version=2024-02-15-preview
May 05 10:10:47 linux1 uvicorn[3030515]: 2025-05-05 10:10:47,648 - ERROR - HTTP error for image contract_clause/output_images/6beca092-2f59-4b98-87dc-82f4d2d621b9/26.png: 429 Client Error: Too Many Requests for url: https://agelix-ai.openai.azure.com/openai/deployments/Agelix-OpenAi/chat/completions?api-version=2024-02-15-preview
May 05 10:10:51 linux1 uvicorn[3030515]: extracted_signatures:  [{'name': [], 'page_number': '26', 'signature_bbox': (1242, 1371, 1722, 1696), 'signature_filename': '01.png', 'cropped_signature_url': 'contract_clause/results/6beca092-2f59-4b98-87dc-82f4d2d621b9/signatures/26/01.png'}]
May 05 10:10:51 linux1 uvicorn[3030515]: openai_signatures_data:  [{'signatories': [{'name': '', 'handwritten_signature_present': True, 'role': 'Service Provider'}]}]






